This is pdfTeX, Version 3.141592653-2.6-1.40.27 (TeX Live 2025/Arch Linux) (preloaded format=prv_source 2025.4.16)  16 APR 2025 04:09
entering extended mode
 restricted \write18 enabled.
 file:line:error style messages enabled.
 %&-line parsing enabled.
**&prv_source /AUCTEXINPUT{ _region_.tex }
(./_region_.tex
./_region_.tex:14: Argument of ^^M has an extra }.
<inserted text> 
                \par 
l.14 ...}% \\ Profesor: Ing. Pedro Chahín Rearte}
                                                  
I've run across a `}' that doesn't seem to match anything.
For example, `\def\a#1{...}' and `\a}' would produce
this error. If you simply proceed now, the `\par' that
I've just inserted will cause me to report a runaway
argument that might be the root of the problem. But if
your `}' was spurious, just type `2' and it will go away.

Runaway argument?
\author {EstebanBustamante-UTNFacultadRegionalLaRioja}\\Profesor:Ing.\ETC.
./_region_.tex:14: Paragraph ended before ^^M was complete.
<to be read again> 
                   \par 
l.14 ...}% \\ Profesor: Ing. Pedro Chahín Rearte}
                                                  
I suspect you've forgotten a `}', causing me to apply this
control sequence to too much text. How can we recover?
My plan is to forget the whole thing and hope for the best.

./_region_.tex:14: Too many }'s.
<recently read> }
                 
l.14 ...}% \\ Profesor: Ing. Pedro Chahín Rearte}
                                                  
You've closed more groups than you opened.
Such booboos are generally harmless, so keep going.

(/usr/share/texmf-dist/tex/latex/l3backend/l3backend-pdftex.def
File: l3backend-pdftex.def 2024-05-08 L3 backend support: PDF output (pdfTeX)
\l__color_backend_stack_int=\count370
\l__pdf_internal_box=\box141
)

LaTeX Warning: Unused global option(s):
    [a4].

No file _region_.aux.
LaTeX Font Info:    Checking defaults for OML/cmm/m/it on input line 18.
LaTeX Font Info:    ... okay on input line 18.
LaTeX Font Info:    Checking defaults for OMS/cmsy/m/n on input line 18.
LaTeX Font Info:    ... okay on input line 18.
LaTeX Font Info:    Checking defaults for OT1/cmr/m/n on input line 18.
LaTeX Font Info:    ... okay on input line 18.
LaTeX Font Info:    Checking defaults for T1/cmr/m/n on input line 18.
LaTeX Font Info:    ... okay on input line 18.
LaTeX Font Info:    Checking defaults for TS1/cmr/m/n on input line 18.
LaTeX Font Info:    ... okay on input line 18.
LaTeX Font Info:    Checking defaults for OMX/cmex/m/n on input line 18.
LaTeX Font Info:    ... okay on input line 18.
LaTeX Font Info:    Checking defaults for U/cmr/m/n on input line 18.
LaTeX Font Info:    ... okay on input line 18.
LaTeX Font Info:    Checking defaults for PD1/pdf/m/n on input line 18.
LaTeX Font Info:    ... okay on input line 18.
LaTeX Font Info:    Checking defaults for PU/pdf/m/n on input line 18.
LaTeX Font Info:    ... okay on input line 18.
LaTeX Info: Redefining \. on input line 18.
LaTeX Info: Redefining \% on input line 18.
(/usr/share/texmf-dist/tex/context/base/mkii/supp-pdf.mkii
[Loading MPS to PDF converter (version 2006.09.02).]
\scratchcounter=\count371
\scratchdimen=\dimen341
\scratchbox=\box142
\nofMPsegments=\count372
\nofMParguments=\count373
\everyMPshowfont=\toks52
\MPscratchCnt=\count374
\MPscratchDim=\dimen342
\MPnumerator=\count375
\makeMPintoPDFobject=\count376
\everyMPtoPDFconversion=\toks53
) (/usr/share/texmf-dist/tex/latex/epstopdf-pkg/epstopdf-base.sty
Package: epstopdf-base 2020-01-24 v2.11 Base part for package epstopdf
Package epstopdf-base Info: Redefining graphics rule for `.eps' on input line 485.
 (/usr/share/texmf-dist/tex/latex/latexconfig/epstopdf-sys.cfg
File: epstopdf-sys.cfg 2010/07/13 v1.3 Configuration of (r)epstopdf for TeX Live
))
\c@lstlisting=\count377
 (/usr/share/texmf-dist/tex/latex/base/inputenc.sty
Package: inputenc 2024/02/08 v1.3d Input encoding file
\inpenc@prehook=\toks54
\inpenc@posthook=\toks55
) (/usr/share/texmf-dist/tex/latex/pdflscape/pdflscape.sty
Package: pdflscape 2022-10-27 v0.13 Display of landscape pages in PDF
 (/usr/share/texmf-dist/tex/latex/pdflscape/pdflscape-nometadata.sty
Package: pdflscape-nometadata 2022-10-28 v0.13 Display of landscape pages in PDF (HO)
 (/usr/share/texmf-dist/tex/latex/graphics/lscape.sty
Package: lscape 2020/05/28 v3.02 Landscape Pages (DPC)
)
Package pdflscape Info: Auto-detected driver: pdftex on input line 81.
))
\providecommand\hyper@newdestlabel[2]{}
Package hyperref Info: Link coloring OFF on input line 18.
\c@maskedRefs=\count378
(/usr/share/texmf-dist/tex/latex/apacite/spanish.apc
File: spanish.apc 2013/07/21 v6.03 apacite language file
LaTeX Info: Redefining \BPBI on input line 138.
LaTeX Info: Redefining \BHBI on input line 139.
)
Package caption Info: Begin \AtBeginDocument code.
Package caption Info: End \AtBeginDocument code.
 (/home/esbon1253/.emacs.d/elpa/auctex-14.0.9/latex/preview.sty
Package: preview 2024/06/30 14.0.6 (AUCTeX/preview-latex)
 (/home/esbon1253/.emacs.d/elpa/auctex-14.0.9/latex/prtightpage.def
\PreviewBorder=\dimen343
) (/home/esbon1253/.emacs.d/elpa/auctex-14.0.9/latex/prauctex.def
No auxiliary output files.


\hbadness=\count379
\hfuzz=\dimen344
(/home/esbon1253/.emacs.d/elpa/auctex-14.0.9/latex/prauctex.cfg)) (/home/esbon1253/.emacs.d/elpa/auctex-14.0.9/latex/prfootnotes.def)
\pr@snippet=\count380
\pr@box=\box143
\pr@output=\toks56

Preview: Fontsize 10pt
Preview: PDFoutput 1
)  !name(source.tex) !offset(-3) 
./_region_.tex:24: Preview: Snippet 1 started.
<-><->
      
l.24   \includegraphics
                       [width=1\textwidth]{/home/esbon1253/mi-preamble-latex...
Not a real error.

</home/esbon1253/mi-preamble-latex/utnlogo.jpg, id=44, 295.1025pt x 302.12875pt>
File: /home/esbon1253/mi-preamble-latex/utnlogo.jpg Graphic file (type jpg)
<use /home/esbon1253/mi-preamble-latex/utnlogo.jpg>
Package pdftex.def Info: /home/esbon1253/mi-preamble-latex/utnlogo.jpg  used on input line 24.
(pdftex.def)             Requested size: 345.0pt x 353.22182pt.
Preview: Tightpage -32891 -32891 32891 32891
./_region_.tex:24: Preview: Snippet 1 ended.(23148745+0x22609920).
<-><->
      
l.24 ...e/esbon1253/mi-preamble-latex/utnlogo.jpg}
                                                  
Not a real error.

[1 </home/esbon1253/mi-preamble-latex/utnlogo.jpg>]

./_region_.tex:30: Preview: Snippet 2 started.
<-><->
      
l.30 \tableofcontents
                     
Not a real error.

./_region_.tex:30: Preview: Snippet 2 ended.(883425+0x22609920).
<-><->
      
l.30 \tableofcontents
                     
Not a real error.

[2{/var/lib/texmf/fonts/map/pdftex/updmap/pdftex.map}]
No file _region_.toc.
./_region_.tex:35: Preview: Snippet 3 started.
<-><->
      
l.35 \section
             {Propuesta}
Not a real error.

./_region_.tex:35: Preview: Snippet 3 ended.(647495+183500x22609920).
<-><->
      
l.35 \section{Propuesta}
                        
Not a real error.

[3

]

File: /home/esbon1253/mi-preamble-latex/utnlogo.jpg Graphic file (type jpg)
<use /home/esbon1253/mi-preamble-latex/utnlogo.jpg>
Package pdftex.def Info: /home/esbon1253/mi-preamble-latex/utnlogo.jpg  used on input line 42.
(pdftex.def)             Requested size: 22.76228pt x 23.3041pt.

Package fancyhdr Warning: \headheight is too small (12.0pt): 
(fancyhdr)                Make it at least 26.90413pt, for example:
(fancyhdr)                \setlength{\headheight}{26.90413pt}.
(fancyhdr)                You might also make \topmargin smaller:
(fancyhdr)                \addtolength{\topmargin}{-14.90413pt}.

No file _region_.bbl.
./_region_.tex:47: Preview: Snippet 4 started.
<-><->
      
l.47 \listoffigures
                   
Not a real error.

./_region_.tex:47: Preview: Snippet 4 ended.(883425+183500x22609920).
<-><->
      
l.47 \listoffigures
                   
Not a real error.

[4]
No file _region_.lof.
 ***********
LaTeX2e <2024-11-01> patch level 2
L3 programming layer <2025-01-18>
 ***********
 ) 
Here is how much of TeX's memory you used:
 1327 strings out of 424325
 23724 string characters out of 4579059
 1878380 words of memory out of 5000000
 74381 multiletter control sequences out of 15000+600000
 567571 words of font info for 70 fonts, out of 8000000 for 9000
 85 hyphenation exceptions out of 8191
 70i,15n,68p,573b,501s stack positions out of 10000i,1000n,20000p,200000b,200000s
</usr/share/texmf-dist/fonts/type1/public/amsfonts/cm/cmbx12.pfb>
Output written on _region_.pdf (4 pages, 33380 bytes).
PDF statistics:
 76 PDF objects out of 1000 (max. 8388607)
 28 compressed objects within 1 object stream
 7 named destinations out of 1000 (max. 500000)
 168 words of extra memory for PDF output out of 10000 (max. 10000000)

